INFO:werkzeug:[31m[1mWARNING: This is a development server. Do not use it in a production deployment. Use a production WSGI server instead.[0m
 * Running on http://127.0.0.1:5000
INFO:werkzeug:[33mPress CTRL+C to quit[0m
INFO:werkzeug:127.0.0.1 - - [07/Oct/2024 00:39:37] "[33mGET / HTTP/1.1[0m" 404 -
INFO:werkzeug:127.0.0.1 - - [07/Oct/2024 00:39:50] "[31m[1mPOST /runML HTTP/1.1[0m" 415 -
ERROR:api:Exception on /runML [POST]
Traceback (most recent call last):
  File "/home/shaunak/Software/miniconda3/envs/mdonline/lib/python3.12/site-packages/flask/app.py", line 2529, in wsgi_app
    response = self.full_dispatch_request()
               ^^^^^^^^^^^^^^^^^^^^^^^^^^^^
  File "/home/shaunak/Software/miniconda3/envs/mdonline/lib/python3.12/site-packages/flask/app.py", line 1825, in full_dispatch_request
    rv = self.handle_user_exception(e)
         ^^^^^^^^^^^^^^^^^^^^^^^^^^^^^
  File "/home/shaunak/Software/miniconda3/envs/mdonline/lib/python3.12/site-packages/flask/app.py", line 1823, in full_dispatch_request
    rv = self.dispatch_request()
         ^^^^^^^^^^^^^^^^^^^^^^^
  File "/home/shaunak/Software/miniconda3/envs/mdonline/lib/python3.12/site-packages/flask/app.py", line 1799, in dispatch_request
    return self.ensure_sync(self.view_functions[rule.endpoint])(**view_args)
           ^^^^^^^^^^^^^^^^^^^^^^^^^^^^^^^^^^^^^^^^^^^^^^^^^^^^^^^^^^^^^^^^^
  File "/home/shaunak/Work/PostCollegeStuff/OGrad/api/api.py", line 13, in receive_image
    print(request.json())
          ^^^^^^^^^^^^^^
TypeError: 'dict' object is not callable
INFO:werkzeug:127.0.0.1 - - [07/Oct/2024 00:40:36] "[35m[1mPOST /runML HTTP/1.1[0m" 500 -
INFO:werkzeug:[31m[1mWARNING: This is a development server. Do not use it in a production deployment. Use a production WSGI server instead.[0m
 * Running on http://127.0.0.1:5000
INFO:werkzeug:[33mPress CTRL+C to quit[0m
INFO:werkzeug: * Restarting with stat
WARNING:werkzeug: * Debugger is active!
INFO:werkzeug: * Debugger PIN: 290-391-229
INFO:werkzeug:127.0.0.1 - - [07/Oct/2024 00:40:48] "[35m[1mPOST /runML HTTP/1.1[0m" 500 -
INFO:werkzeug: * Detected change in '/home/shaunak/Work/PostCollegeStuff/OGrad/api/api.py', reloading
INFO:werkzeug: * Restarting with stat
WARNING:werkzeug: * Debugger is active!
INFO:werkzeug: * Debugger PIN: 290-391-229
INFO:werkzeug:127.0.0.1 - - [07/Oct/2024 00:41:08] "[31m[1mPOST /runML HTTP/1.1[0m" 400 -
INFO:werkzeug: * Detected change in '/home/shaunak/Work/PostCollegeStuff/OGrad/api/api.py', reloading
INFO:werkzeug: * Restarting with stat
INFO:werkzeug: * Restarting with stat
INFO:werkzeug: * Restarting with stat
INFO:werkzeug: * Restarting with stat
INFO:werkzeug: * Restarting with stat
INFO:werkzeug: * Restarting with stat
WARNING:werkzeug: * Debugger is active!
INFO:werkzeug: * Debugger PIN: 290-391-229
INFO:werkzeug:127.0.0.1 - - [07/Oct/2024 00:48:04] "[31m[1mPOST /runML HTTP/1.1[0m" 400 -
INFO:werkzeug: * Detected change in '/home/shaunak/Work/PostCollegeStuff/OGrad/api/api.py', reloading
INFO:werkzeug: * Restarting with stat
WARNING:werkzeug: * Debugger is active!
INFO:werkzeug: * Debugger PIN: 290-391-229
INFO:werkzeug: * Detected change in '/home/shaunak/Work/PostCollegeStuff/OGrad/api/api.py', reloading
INFO:werkzeug: * Restarting with stat
WARNING:werkzeug: * Debugger is active!
INFO:werkzeug: * Debugger PIN: 290-391-229
INFO:werkzeug:127.0.0.1 - - [07/Oct/2024 00:48:27] "[35m[1mPOST /runML HTTP/1.1[0m" 500 -
INFO:werkzeug: * Detected change in '/home/shaunak/Work/PostCollegeStuff/OGrad/api/MLJobConfig.py', reloading
INFO:werkzeug: * Restarting with stat
WARNING:werkzeug: * Debugger is active!
INFO:werkzeug: * Debugger PIN: 290-391-229
INFO:werkzeug:127.0.0.1 - - [07/Oct/2024 00:48:40] "[31m[1mPOST /runML HTTP/1.1[0m" 400 -
INFO:werkzeug: * Detected change in '/home/shaunak/Work/PostCollegeStuff/OGrad/api/MLJobConfig.py', reloading
INFO:werkzeug: * Restarting with stat
WARNING:werkzeug: * Debugger is active!
INFO:werkzeug: * Debugger PIN: 290-391-229
INFO:werkzeug: * Detected change in '/home/shaunak/Work/PostCollegeStuff/OGrad/api/MLJobConfig.py', reloading
INFO:werkzeug: * Restarting with stat
WARNING:werkzeug: * Debugger is active!
INFO:werkzeug: * Debugger PIN: 290-391-229
INFO:werkzeug: * Detected change in '/home/shaunak/Work/PostCollegeStuff/OGrad/api/MLJobConfig.py', reloading
INFO:werkzeug: * Restarting with stat
WARNING:werkzeug: * Debugger is active!
INFO:werkzeug: * Debugger PIN: 290-391-229
INFO:werkzeug: * Detected change in '/home/shaunak/Work/PostCollegeStuff/OGrad/api/MLJobConfig.py', reloading
INFO:werkzeug: * Restarting with stat
WARNING:werkzeug: * Debugger is active!
INFO:werkzeug: * Debugger PIN: 290-391-229
INFO:werkzeug: * Detected change in '/home/shaunak/Work/PostCollegeStuff/OGrad/api/MLJobConfig.py', reloading
INFO:werkzeug: * Restarting with stat
WARNING:werkzeug: * Debugger is active!
INFO:werkzeug: * Debugger PIN: 290-391-229
INFO:werkzeug: * Detected change in '/home/shaunak/Work/PostCollegeStuff/OGrad/api/MLJobConfig.py', reloading
INFO:werkzeug: * Restarting with stat
WARNING:werkzeug: * Debugger is active!
INFO:werkzeug: * Debugger PIN: 290-391-229
INFO:werkzeug:[31m[1mWARNING: This is a development server. Do not use it in a production deployment. Use a production WSGI server instead.[0m
 * Running on http://127.0.0.1:5000
INFO:werkzeug:[33mPress CTRL+C to quit[0m
INFO:werkzeug:[31m[1mWARNING: This is a development server. Do not use it in a production deployment. Use a production WSGI server instead.[0m
 * Running on http://127.0.0.1:5000
INFO:werkzeug:[33mPress CTRL+C to quit[0m
ERROR:api.api:Exception on /runML [POST]
Traceback (most recent call last):
  File "/home/shaunak/Software/miniconda3/envs/mdonline/lib/python3.12/site-packages/flask/app.py", line 2529, in wsgi_app
    response = self.full_dispatch_request()
               ^^^^^^^^^^^^^^^^^^^^^^^^^^^^
  File "/home/shaunak/Software/miniconda3/envs/mdonline/lib/python3.12/site-packages/flask/app.py", line 1825, in full_dispatch_request
    rv = self.handle_user_exception(e)
         ^^^^^^^^^^^^^^^^^^^^^^^^^^^^^
  File "/home/shaunak/Software/miniconda3/envs/mdonline/lib/python3.12/site-packages/flask/app.py", line 1823, in full_dispatch_request
    rv = self.dispatch_request()
         ^^^^^^^^^^^^^^^^^^^^^^^
  File "/home/shaunak/Software/miniconda3/envs/mdonline/lib/python3.12/site-packages/flask/app.py", line 1799, in dispatch_request
    return self.ensure_sync(self.view_functions[rule.endpoint])(**view_args)
           ^^^^^^^^^^^^^^^^^^^^^^^^^^^^^^^^^^^^^^^^^^^^^^^^^^^^^^^^^^^^^^^^^
  File "/home/shaunak/Work/PostCollegeStuff/OGrad/api/api.py", line 11, in receive_image
    MLJobConfig.validate(request.json)
    ^^^^^^^^^^^^^^^^^^^^
AttributeError: module 'api.MLJobConfig' has no attribute 'validate'
INFO:werkzeug:127.0.0.1 - - [07/Oct/2024 10:16:14] "[35m[1mPOST /runML HTTP/1.1[0m" 500 -
INFO:werkzeug:[31m[1mWARNING: This is a development server. Do not use it in a production deployment. Use a production WSGI server instead.[0m
 * Running on http://127.0.0.1:5000
INFO:werkzeug:[33mPress CTRL+C to quit[0m
INFO:werkzeug: * Restarting with stat
WARNING:werkzeug: * Debugger is active!
INFO:werkzeug: * Debugger PIN: 120-641-321
INFO:werkzeug:127.0.0.1 - - [07/Oct/2024 10:16:23] "[35m[1mPOST /runML HTTP/1.1[0m" 500 -
INFO:werkzeug: * Detected change in '/home/shaunak/Work/PostCollegeStuff/OGrad/api/api.py', reloading
INFO:werkzeug: * Restarting with stat
INFO:werkzeug: * Restarting with stat
WARNING:werkzeug: * Debugger is active!
INFO:werkzeug: * Debugger PIN: 120-641-321
INFO:werkzeug:127.0.0.1 - - [07/Oct/2024 10:20:05] "[35m[1mPOST /runML HTTP/1.1[0m" 500 -
INFO:werkzeug: * Detected change in '/home/shaunak/Work/PostCollegeStuff/OGrad/api/MLJobConfig.py', reloading
INFO:werkzeug: * Restarting with stat
WARNING:werkzeug: * Debugger is active!
INFO:werkzeug: * Debugger PIN: 120-641-321
INFO:werkzeug:127.0.0.1 - - [07/Oct/2024 10:20:35] "[35m[1mPOST /runML HTTP/1.1[0m" 500 -
INFO:werkzeug: * Detected change in '/home/shaunak/Work/PostCollegeStuff/OGrad/api/api.py', reloading
INFO:werkzeug: * Restarting with stat
WARNING:werkzeug: * Debugger is active!
INFO:werkzeug: * Debugger PIN: 120-641-321
INFO:werkzeug:127.0.0.1 - - [07/Oct/2024 10:21:10] "POST /runML HTTP/1.1" 200 -
INFO:werkzeug:127.0.0.1 - - [07/Oct/2024 10:21:31] "[35m[1mPOST /runML HTTP/1.1[0m" 500 -
INFO:werkzeug: * Detected change in '/home/shaunak/Work/PostCollegeStuff/OGrad/api/api.py', reloading
INFO:werkzeug: * Restarting with stat
WARNING:werkzeug: * Debugger is active!
INFO:werkzeug: * Debugger PIN: 120-641-321
INFO:werkzeug:127.0.0.1 - - [07/Oct/2024 10:22:21] "[31m[1mPOST /runML HTTP/1.1[0m" 400 -
INFO:werkzeug: * Detected change in '/home/shaunak/Work/PostCollegeStuff/OGrad/api/api.py', reloading
INFO:werkzeug: * Restarting with stat
WARNING:werkzeug: * Debugger is active!
INFO:werkzeug: * Debugger PIN: 120-641-321
INFO:werkzeug:127.0.0.1 - - [07/Oct/2024 10:22:39] "[31m[1mPOST /runML HTTP/1.1[0m" 400 -
INFO:werkzeug: * Detected change in '/home/shaunak/Work/PostCollegeStuff/OGrad/api/api.py', reloading
INFO:werkzeug: * Restarting with stat
WARNING:werkzeug: * Debugger is active!
INFO:werkzeug: * Debugger PIN: 120-641-321
INFO:werkzeug:127.0.0.1 - - [07/Oct/2024 10:22:50] "[35m[1mPOST /runML HTTP/1.1[0m" 500 -
INFO:werkzeug: * Detected change in '/home/shaunak/Work/PostCollegeStuff/OGrad/api/api.py', reloading
INFO:werkzeug: * Restarting with stat
INFO:werkzeug: * Restarting with stat
WARNING:werkzeug: * Debugger is active!
INFO:werkzeug: * Debugger PIN: 120-641-321
INFO:werkzeug: * Detected change in '/home/shaunak/Work/PostCollegeStuff/OGrad/api/api.py', reloading
INFO:werkzeug: * Restarting with stat
WARNING:werkzeug: * Debugger is active!
INFO:werkzeug: * Debugger PIN: 120-641-321
INFO:werkzeug: * Detected change in '/home/shaunak/Work/PostCollegeStuff/OGrad/api/api.py', reloading
INFO:werkzeug: * Restarting with stat
WARNING:werkzeug: * Debugger is active!
INFO:werkzeug: * Debugger PIN: 120-641-321
INFO:werkzeug:127.0.0.1 - - [07/Oct/2024 10:23:05] "[31m[1mPOST /runML HTTP/1.1[0m" 400 -
INFO:werkzeug:127.0.0.1 - - [07/Oct/2024 10:23:23] "POST /runML HTTP/1.1" 200 -
INFO:werkzeug: * Detected change in '/home/shaunak/Work/PostCollegeStuff/OGrad/api/api.py', reloading
INFO:werkzeug: * Restarting with stat
WARNING:werkzeug: * Debugger is active!
INFO:werkzeug: * Debugger PIN: 120-641-321
INFO:werkzeug:127.0.0.1 - - [07/Oct/2024 10:23:38] "POST /runML HTTP/1.1" 200 -
INFO:werkzeug: * Detected change in '/home/shaunak/Work/PostCollegeStuff/OGrad/api/api.py', reloading
INFO:werkzeug: * Restarting with stat
WARNING:werkzeug: * Debugger is active!
INFO:werkzeug: * Debugger PIN: 120-641-321
INFO:werkzeug:127.0.0.1 - - [07/Oct/2024 10:23:46] "[35m[1mPOST /runML HTTP/1.1[0m" 201 -
INFO:werkzeug: * Detected change in '/home/shaunak/Work/PostCollegeStuff/OGrad/api/api.py', reloading
INFO:werkzeug: * Restarting with stat
WARNING:werkzeug: * Debugger is active!
INFO:werkzeug: * Debugger PIN: 120-641-321
INFO:werkzeug: * Detected change in '/home/shaunak/Work/PostCollegeStuff/OGrad/api/api.py', reloading
INFO:werkzeug: * Restarting with stat
WARNING:werkzeug: * Debugger is active!
INFO:werkzeug: * Debugger PIN: 120-641-321
INFO:werkzeug:127.0.0.1 - - [07/Oct/2024 10:24:11] "[31m[1mGET /runML HTTP/1.1[0m" 405 -
INFO:werkzeug: * Detected change in '/home/shaunak/Work/PostCollegeStuff/OGrad/api/api.py', reloading
INFO:werkzeug: * Restarting with stat
WARNING:werkzeug: * Debugger is active!
INFO:werkzeug: * Debugger PIN: 120-641-321
INFO:werkzeug: * Detected change in '/home/shaunak/Work/PostCollegeStuff/OGrad/api/api.py', reloading
INFO:werkzeug: * Restarting with stat
WARNING:werkzeug: * Debugger is active!
INFO:werkzeug: * Debugger PIN: 120-641-321
INFO:werkzeug: * Detected change in '/home/shaunak/Work/PostCollegeStuff/OGrad/api/api.py', reloading
INFO:werkzeug: * Restarting with stat
WARNING:werkzeug: * Debugger is active!
INFO:werkzeug: * Debugger PIN: 120-641-321
INFO:werkzeug: * Detected change in '/home/shaunak/Work/PostCollegeStuff/OGrad/api/api.py', reloading
INFO:werkzeug: * Restarting with stat
WARNING:werkzeug: * Debugger is active!
INFO:werkzeug: * Debugger PIN: 120-641-321
INFO:werkzeug:127.0.0.1 - - [07/Oct/2024 10:25:39] "[31m[1mGET /runML HTTP/1.1[0m" 405 -
INFO:werkzeug:127.0.0.1 - - [07/Oct/2024 10:25:42] "POST /runML HTTP/1.1" 200 -
INFO:werkzeug:127.0.0.1 - - [07/Oct/2024 10:25:46] "[31m[1mPOST /runML HTTP/1.1[0m" 400 -
INFO:werkzeug: * Detected change in '/home/shaunak/Work/PostCollegeStuff/OGrad/api/api.py', reloading
INFO:werkzeug: * Restarting with stat
WARNING:werkzeug: * Debugger is active!
INFO:werkzeug: * Debugger PIN: 120-641-321
INFO:werkzeug: * Detected change in '/home/shaunak/Work/PostCollegeStuff/OGrad/api/api.py', reloading
INFO:werkzeug: * Restarting with stat
WARNING:werkzeug: * Debugger is active!
INFO:werkzeug: * Debugger PIN: 120-641-321
INFO:werkzeug:127.0.0.1 - - [07/Oct/2024 10:26:02] "[31m[1mPOST /runML HTTP/1.1[0m" 400 -
INFO:werkzeug: * Detected change in '/home/shaunak/Work/PostCollegeStuff/OGrad/api/api.py', reloading
INFO:werkzeug: * Restarting with stat
WARNING:werkzeug: * Debugger is active!
INFO:werkzeug: * Debugger PIN: 120-641-321
INFO:werkzeug: * Detected change in '/home/shaunak/Work/PostCollegeStuff/OGrad/api/MLJobConfig.py', reloading
INFO:werkzeug: * Restarting with stat
WARNING:werkzeug: * Debugger is active!
INFO:werkzeug: * Debugger PIN: 120-641-321
INFO:werkzeug: * Detected change in '/home/shaunak/Work/PostCollegeStuff/OGrad/api/MLJobConfig.py', reloading
INFO:werkzeug: * Restarting with stat
WARNING:werkzeug: * Debugger is active!
INFO:werkzeug: * Debugger PIN: 120-641-321
INFO:werkzeug: * Detected change in '/home/shaunak/Work/PostCollegeStuff/OGrad/api/MLJobConfig.py', reloading
INFO:werkzeug: * Restarting with stat
WARNING:werkzeug: * Debugger is active!
INFO:werkzeug: * Debugger PIN: 120-641-321
INFO:werkzeug:127.0.0.1 - - [07/Oct/2024 10:34:36] "[31m[1mPOST /runML HTTP/1.1[0m" 400 -
INFO:werkzeug:127.0.0.1 - - [07/Oct/2024 10:34:41] "[31m[1mPOST /runML HTTP/1.1[0m" 400 -
INFO:werkzeug:127.0.0.1 - - [07/Oct/2024 10:34:59] "POST /runML HTTP/1.1" 200 -
INFO:werkzeug: * Detected change in '/home/shaunak/Work/PostCollegeStuff/OGrad/api/MLJobConfig.py', reloading
INFO:werkzeug: * Restarting with stat
WARNING:werkzeug: * Debugger is active!
INFO:werkzeug: * Debugger PIN: 120-641-321
INFO:werkzeug: * Detected change in '/home/shaunak/Work/PostCollegeStuff/OGrad/api/MLJobConfig.py', reloading
INFO:werkzeug: * Restarting with stat
WARNING:werkzeug: * Debugger is active!
INFO:werkzeug: * Debugger PIN: 120-641-321
INFO:werkzeug: * Detected change in '/home/shaunak/Work/PostCollegeStuff/OGrad/api/MLJobConfig.py', reloading
INFO:werkzeug: * Restarting with stat
WARNING:werkzeug: * Debugger is active!
INFO:werkzeug: * Debugger PIN: 120-641-321
INFO:werkzeug: * Detected change in '/home/shaunak/Work/PostCollegeStuff/OGrad/api/MLJobConfig.py', reloading
INFO:werkzeug: * Restarting with stat
WARNING:werkzeug: * Debugger is active!
INFO:werkzeug: * Debugger PIN: 120-641-321
INFO:werkzeug: * Detected change in '/home/shaunak/Work/PostCollegeStuff/OGrad/api/api.py', reloading
INFO:werkzeug: * Restarting with stat
WARNING:werkzeug: * Debugger is active!
INFO:werkzeug: * Debugger PIN: 120-641-321
INFO:werkzeug:127.0.0.1 - - [07/Oct/2024 10:41:14] "POST /runML HTTP/1.1" 200 -
INFO:werkzeug:127.0.0.1 - - [07/Oct/2024 10:41:25] "POST /runML HTTP/1.1" 200 -
INFO:werkzeug: * Detected change in '/home/shaunak/Work/PostCollegeStuff/OGrad/api/MLJobConfig.py', reloading
INFO:werkzeug: * Restarting with stat
WARNING:werkzeug: * Debugger is active!
INFO:werkzeug: * Debugger PIN: 120-641-321
INFO:werkzeug:127.0.0.1 - - [07/Oct/2024 10:42:22] "POST /runML HTTP/1.1" 200 -
INFO:werkzeug: * Detected change in '/home/shaunak/Work/PostCollegeStuff/OGrad/api/MLJobConfig.py', reloading
INFO:werkzeug: * Restarting with stat
WARNING:werkzeug: * Debugger is active!
INFO:werkzeug: * Debugger PIN: 120-641-321
INFO:werkzeug: * Detected change in '/home/shaunak/Work/PostCollegeStuff/OGrad/api/MLJobConfig.py', reloading
INFO:werkzeug: * Restarting with stat
WARNING:werkzeug: * Debugger is active!
INFO:werkzeug: * Debugger PIN: 120-641-321
INFO:werkzeug: * Detected change in '/home/shaunak/Work/PostCollegeStuff/OGrad/api/api.py', reloading
INFO:werkzeug: * Restarting with stat
WARNING:werkzeug: * Debugger is active!
INFO:werkzeug: * Debugger PIN: 120-641-321
INFO:werkzeug:127.0.0.1 - - [07/Oct/2024 10:42:54] "POST /runML HTTP/1.1" 200 -
INFO:werkzeug: * Detected change in '/home/shaunak/Work/PostCollegeStuff/OGrad/api/api.py', reloading
INFO:werkzeug: * Restarting with stat
WARNING:werkzeug: * Debugger is active!
INFO:werkzeug: * Debugger PIN: 120-641-321
INFO:werkzeug: * Detected change in '/home/shaunak/Work/PostCollegeStuff/OGrad/api/MLJobConfig.py', reloading
INFO:werkzeug: * Restarting with stat
WARNING:werkzeug: * Debugger is active!
INFO:werkzeug: * Debugger PIN: 120-641-321
INFO:werkzeug: * Detected change in '/home/shaunak/Work/PostCollegeStuff/OGrad/api/api.py', reloading
INFO:werkzeug: * Restarting with stat
WARNING:werkzeug: * Debugger is active!
INFO:werkzeug: * Debugger PIN: 120-641-321
INFO:werkzeug: * Detected change in '/home/shaunak/Work/PostCollegeStuff/OGrad/api/api.py', reloading
INFO:werkzeug: * Restarting with stat
WARNING:werkzeug: * Debugger is active!
INFO:werkzeug: * Debugger PIN: 120-641-321
INFO:werkzeug: * Detected change in '/home/shaunak/Work/PostCollegeStuff/OGrad/api/api.py', reloading
INFO:werkzeug: * Restarting with stat
WARNING:werkzeug: * Debugger is active!
INFO:werkzeug: * Debugger PIN: 120-641-321
INFO:werkzeug: * Detected change in '/home/shaunak/Work/PostCollegeStuff/OGrad/api/api.py', reloading
INFO:werkzeug: * Restarting with stat
WARNING:werkzeug: * Debugger is active!
INFO:werkzeug: * Debugger PIN: 120-641-321
INFO:werkzeug: * Detected change in '/home/shaunak/Work/PostCollegeStuff/OGrad/api/api.py', reloading
INFO:werkzeug: * Restarting with stat
WARNING:werkzeug: * Debugger is active!
INFO:werkzeug: * Debugger PIN: 120-641-321
INFO:werkzeug: * Detected change in '/home/shaunak/Work/PostCollegeStuff/OGrad/api/api.py', reloading
INFO:werkzeug: * Restarting with stat
WARNING:werkzeug: * Debugger is active!
INFO:werkzeug: * Debugger PIN: 120-641-321
INFO:werkzeug: * Detected change in '/home/shaunak/Work/PostCollegeStuff/OGrad/api/api.py', reloading
INFO:werkzeug: * Restarting with stat
WARNING:werkzeug: * Debugger is active!
INFO:werkzeug: * Debugger PIN: 120-641-321
INFO:werkzeug: * Detected change in '/home/shaunak/Work/PostCollegeStuff/OGrad/api/MLJobConfig.py', reloading
INFO:werkzeug: * Restarting with stat
WARNING:werkzeug: * Debugger is active!
INFO:werkzeug: * Debugger PIN: 120-641-321
INFO:werkzeug: * Detected change in '/home/shaunak/Work/PostCollegeStuff/OGrad/api/MLJobConfig.py', reloading
INFO:werkzeug: * Restarting with stat
WARNING:werkzeug: * Debugger is active!
INFO:werkzeug: * Debugger PIN: 120-641-321
INFO:werkzeug: * Detected change in '/home/shaunak/Work/PostCollegeStuff/OGrad/api/api.py', reloading
INFO:werkzeug: * Restarting with stat
WARNING:werkzeug: * Debugger is active!
INFO:werkzeug: * Debugger PIN: 120-641-321
INFO:werkzeug: * Detected change in '/home/shaunak/Work/PostCollegeStuff/OGrad/api/api.py', reloading
INFO:werkzeug: * Restarting with stat
WARNING:werkzeug: * Debugger is active!
INFO:werkzeug: * Debugger PIN: 120-641-321
INFO:werkzeug:127.0.0.1 - - [07/Oct/2024 10:48:24] "[35m[1mPOST /runML HTTP/1.1[0m" 500 -
INFO:werkzeug: * Detected change in '/home/shaunak/Work/PostCollegeStuff/OGrad/api/api.py', reloading
INFO:werkzeug: * Restarting with stat
WARNING:werkzeug: * Debugger is active!
INFO:werkzeug: * Debugger PIN: 120-641-321
INFO:werkzeug:127.0.0.1 - - [07/Oct/2024 10:48:54] "POST /runML HTTP/1.1" 200 -
